PASS  L01 health returns status ok (0 ms)
PASS  L02 all six OpenAPI paths (15 ms)
PASS  L03 books list and warmup (11285 ms)
PASS  L04 50-item page (3 ms)
PASS  L05 pages do not overlap (1 ms)
PASS  L06 exact rating filter (1 ms)
PASS  L07 inclusive price range (1 ms)
PASS  L08 equal price bounds (1 ms)
PASS  L09 combined AND filters (1 ms)
PASS  L10 full book detail (265 ms)
PASS  L11 golden record (1 ms)
PASS  L12 title substring search (2 ms)
PASS  L13 case-insensitive search (3 ms)
PASS  L14 search with no match (1 ms)
PASS  L15 search pagination (1 ms)
PASS  L16 sidebar categories (1 ms)
PASS  L17 category books (1 ms)
PASS  L18 category page past end (0 ms)
PASS  H01 request ID header (0 ms)
PASS  V01 /api/v1/books?page=0 (2 ms)
PASS  V02 /api/v1/books?page=-1 (0 ms)
PASS  V03 /api/v1/books?page=abc (0 ms)
PASS  V04 /api/v1/books?page_size=0 (1 ms)
PASS  V05 /api/v1/books?page_size=1000 (0 ms)
PASS  V06 /api/v1/books?rating=0 (0 ms)
PASS  V07 /api/v1/books?rating=6 (0 ms)
PASS  V08 /api/v1/books?min_price=-1 (1 ms)
PASS  V09 /api/v1/books?min_price=50&max_price=10 (1 ms)
PASS  V10 /api/v1/search?q= (1 ms)
PASS  V11 /api/v1/search (2 ms)
PASS  V12 /api/v1/search?q=%20%20 (1 ms)
PASS  N01 /api/v1/books/does-not-exist_0 (250 ms)
PASS  N02 /api/v1/books/..%2f..%2fetc (2 ms)
PASS  N03 /api/v1/categories/no-such-category/books (2 ms)
PASS  N04 /api/v1/unknown (1 ms)
PASS  N05 POST method rejected (1 ms)
SKIP  F01 fault scenario (--skip-fault-scenarios) (0 ms)
SKIP  F02 fault scenario (--skip-fault-scenarios) (0 ms)
SKIP  F03 fault scenario (--skip-fault-scenarios) (0 ms)
SKIP  F04 fault scenario (--skip-fault-scenarios) (0 ms)
SKIP  F05 fault scenario (--skip-fault-scenarios) (0 ms)
SKIP  F06 fault scenario (--skip-fault-scenarios) (0 ms)
SKIP  F07 fault scenario (--skip-fault-scenarios) (0 ms)
SKIP  F08 fault scenario (--skip-fault-scenarios) (0 ms)
SKIP  F09 fault scenario (--skip-fault-scenarios) (0 ms)
SKIP  F10 fault scenario (--skip-fault-scenarios) (0 ms)
Passed 36  Failed 0  Skipped 10 -> EXIT 0
