PASS  L01 health returns status ok (0 ms)
PASS  L02 all six OpenAPI paths (15 ms)
PASS  L03 books list and warmup (1 ms)
PASS  L04 50-item page (0 ms)
PASS  L05 pages do not overlap (0 ms)
PASS  L06 exact rating filter (0 ms)
PASS  L07 inclusive price range (0 ms)
PASS  L08 equal price bounds (0 ms)
PASS  L09 combined AND filters (0 ms)
PASS  L10 full book detail (0 ms)
PASS  L11 golden record (0 ms)
PASS  L12 title substring search (0 ms)
PASS  L13 case-insensitive search (1 ms)
PASS  L14 search with no match (0 ms)
PASS  L15 search pagination (0 ms)
PASS  L16 sidebar categories (2 ms)
PASS  L17 category books (1 ms)
PASS  L18 category page past end (1 ms)
PASS  H01 request ID header (0 ms)
PASS  V01 /api/v1/books?page=0 (0 ms)
PASS  V02 /api/v1/books?page=-1 (0 ms)
PASS  V03 /api/v1/books?page=abc (0 ms)
PASS  V04 /api/v1/books?page_size=0 (0 ms)
PASS  V05 /api/v1/books?page_size=1000 (0 ms)
PASS  V06 /api/v1/books?rating=0 (0 ms)
PASS  V07 /api/v1/books?rating=6 (0 ms)
PASS  V08 /api/v1/books?min_price=-1 (1 ms)
PASS  V09 /api/v1/books?min_price=50&max_price=10 (0 ms)
PASS  V10 /api/v1/search?q= (0 ms)
PASS  V11 /api/v1/search (0 ms)
PASS  V12 /api/v1/search?q=%20%20 (0 ms)
PASS  N01 /api/v1/books/does-not-exist_0 (2 ms)
PASS  N02 /api/v1/books/..%2f..%2fetc (0 ms)
PASS  N03 /api/v1/categories/no-such-category/books (0 ms)
PASS  N04 /api/v1/unknown (0 ms)
PASS  N05 POST method rejected (0 ms)
PASS  F01 status 500 scope=all (68 ms)
PASS  F02 delay  scope=all (2131 ms)
PASS  F03 garbage  scope=all (16 ms)
PASS  F04 normal  scope=all (450 ms)
PASS  F05 normal  scope=all (7 ms)
PASS  F06 delay  scope=detail (2149 ms)
PASS  F07 status 500 scope=detail (72 ms)
PASS  F08 status 403 scope=detail (8 ms)
PASS  F09 status 429 scope=detail (9 ms)
PASS  F10 status 500 scope=detail (88 ms)
Passed 46  Failed 0  Skipped 0 -> EXIT 0
